// Jest Snapshot v1, https://goo.gl/fbAQLP

exports[`renders App correctly 1`] = `
<div>
  <header
    className="MuiPaper-root MuiPaper-elevation MuiPaper-elevation4 MuiAppBar-root MuiAppBar-colorPrimary MuiAppBar-positionSticky css-7e0s21-MuiPaper-root-MuiAppBar-root"
    id="top-bar"
  >
    <svg
      id="logo"
    >
      sudoku-logo.svg
    </svg>
    <div
      className="MuiTypography-root MuiTypography-h6 css-15zqwrc-MuiTypography-root"
    >
      Sudoku Solver
    </div>
    <button
      className="MuiButtonBase-root MuiButton-root MuiButton-outlined MuiButton-outlinedPrimary MuiButton-sizeMedium MuiButton-outlinedSizeMedium css-1rwt2y5-MuiButtonBase-root-MuiButton-root"
      disabled={false}
      id="generate-puzzle-button"
      onBlur={[Function]}
      onClick={[Function]}
      onContextMenu={[Function]}
      onDragLeave={[Function]}
      onFocus={[Function]}
      onKeyDown={[Function]}
      onKeyUp={[Function]}
      onMouseDown={[Function]}
      onMouseLeave={[Function]}
      onMouseUp={[Function]}
      onTouchEnd={[Function]}
      onTouchMove={[Function]}
      onTouchStart={[Function]}
      tabIndex={0}
      type="button"
    >
      Generate Random Puzzle
    </button>
    <div
      className="MuiFormControl-root css-1nrlq1o-MuiFormControl-root"
    >
      <label
        className="MuiFormLabel-root MuiInputLabel-root MuiInputLabel-formControl MuiInputLabel-animated MuiInputLabel-shrink MuiInputLabel-outlined MuiFormLabel-colorPrimary MuiFormLabel-filled css-1sumxir-MuiFormLabel-root-MuiInputLabel-root"
        data-shrink={true}
        id="speed-select-label"
      >
        Speed:
      </label>
      <div
        className="MuiInputBase-root MuiOutlinedInput-root MuiInputBase-colorPrimary MuiInputBase-formControl  css-1yk1gt9-MuiInputBase-root-MuiOutlinedInput-root-MuiSelect-root"
        data-testid="speed-select"
        onClick={[Function]}
      >
        <div
          aria-expanded="false"
          aria-haspopup="listbox"
          aria-labelledby="speed-select-label speed-select"
          className="MuiSelect-select MuiSelect-outlined MuiInputBase-input MuiOutlinedInput-input css-11u53oe-MuiSelect-select-MuiInputBase-input-MuiOutlinedInput-input"
          id="speed-select"
          onBlur={[Function]}
          onFocus={[Function]}
          onKeyDown={[Function]}
          onMouseDown={[Function]}
          role="button"
          tabIndex={0}
        >
          Normal
        </div>
        <input
          aria-hidden={true}
          className="MuiSelect-nativeInput css-yf8vq0-MuiSelect-nativeInput"
          disabled={false}
          onAnimationStart={[Function]}
          onChange={[Function]}
          required={false}
          tabIndex={-1}
          value="Normal"
        />
        <svg
          aria-hidden={true}
          className="MuiSvgIcon-root MuiSvgIcon-fontSizeMedium MuiSelect-icon MuiSelect-iconOutlined css-hfutr2-MuiSvgIcon-root-MuiSelect-icon"
          data-testid="ArrowDropDownIcon"
          focusable="false"
          viewBox="0 0 24 24"
        >
          <path
            d="M7 10l5 5 5-5z"
          />
        </svg>
        <fieldset
          aria-hidden={true}
          className="MuiOutlinedInput-notchedOutline css-1d3z3hw-MuiOutlinedInput-notchedOutline"
        >
          <legend
            className="css-1in441m"
          >
            <span>
              Speed
            </span>
          </legend>
        </fieldset>
      </div>
    </div>
  </header>
  <div
    id="sudoku"
  >
    <div
      className="row"
    >
      <input
        className="square top-square left-square"
        data-testid="square"
        maxLength={1}
        onChange={[Function]}
        onClick={[Function]}
        onKeyDown={[Function]}
        type="text"
        value=""
      />
      <input
        className="square top-square"
        data-testid="square"
        maxLength={1}
        onChange={[Function]}
        onClick={[Function]}
        onKeyDown={[Function]}
        type="text"
        value=""
      />
      <input
        className="square top-square right-square"
        data-testid="square"
        maxLength={1}
        onChange={[Function]}
        onClick={[Function]}
        onKeyDown={[Function]}
        type="text"
        value=""
      />
      <input
        className="square top-square"
        data-testid="square"
        maxLength={1}
        onChange={[Function]}
        onClick={[Function]}
        onKeyDown={[Function]}
        type="text"
        value=""
      />
      <input
        className="square top-square"
        data-testid="square"
        maxLength={1}
        onChange={[Function]}
        onClick={[Function]}
        onKeyDown={[Function]}
        type="text"
        value=""
      />
      <input
        className="square top-square right-square"
        data-testid="square"
        maxLength={1}
        onChange={[Function]}
        onClick={[Function]}
        onKeyDown={[Function]}
        type="text"
        value=""
      />
      <input
        className="square top-square"
        data-testid="square"
        maxLength={1}
        onChange={[Function]}
        onClick={[Function]}
        onKeyDown={[Function]}
        type="text"
        value=""
      />
      <input
        className="square top-square"
        data-testid="square"
        maxLength={1}
        onChange={[Function]}
        onClick={[Function]}
        onKeyDown={[Function]}
        type="text"
        value=""
      />
      <input
        className="square top-square right-square"
        data-testid="square"
        maxLength={1}
        onChange={[Function]}
        onClick={[Function]}
        onKeyDown={[Function]}
        type="text"
        value=""
      />
    </div>
    <div
      className="row"
    >
      <input
        className="square left-square"
        data-testid="square"
        maxLength={1}
        onChange={[Function]}
        onClick={[Function]}
        onKeyDown={[Function]}
        type="text"
        value=""
      />
      <input
        className="square"
        data-testid="square"
        maxLength={1}
        onChange={[Function]}
        onClick={[Function]}
        onKeyDown={[Function]}
        type="text"
        value=""
      />
      <input
        className="square right-square"
        data-testid="square"
        maxLength={1}
        onChange={[Function]}
        onClick={[Function]}
        onKeyDown={[Function]}
        type="text"
        value=""
      />
      <input
        className="square"
        data-testid="square"
        maxLength={1}
        onChange={[Function]}
        onClick={[Function]}
        onKeyDown={[Function]}
        type="text"
        value=""
      />
      <input
        className="square"
        data-testid="square"
        maxLength={1}
        onChange={[Function]}
        onClick={[Function]}
        onKeyDown={[Function]}
        type="text"
        value=""
      />
      <input
        className="square right-square"
        data-testid="square"
        maxLength={1}
        onChange={[Function]}
        onClick={[Function]}
        onKeyDown={[Function]}
        type="text"
        value=""
      />
      <input
        className="square"
        data-testid="square"
        maxLength={1}
        onChange={[Function]}
        onClick={[Function]}
        onKeyDown={[Function]}
        type="text"
        value=""
      />
      <input
        className="square"
        data-testid="square"
        maxLength={1}
        onChange={[Function]}
        onClick={[Function]}
        onKeyDown={[Function]}
        type="text"
        value=""
      />
      <input
        className="square right-square"
        data-testid="square"
        maxLength={1}
        onChange={[Function]}
        onClick={[Function]}
        onKeyDown={[Function]}
        type="text"
        value=""
      />
    </div>
    <div
      className="row"
    >
      <input
        className="square bottom-square left-square"
        data-testid="square"
        maxLength={1}
        onChange={[Function]}
        onClick={[Function]}
        onKeyDown={[Function]}
        type="text"
        value=""
      />
      <input
        className="square bottom-square"
        data-testid="square"
        maxLength={1}
        onChange={[Function]}
        onClick={[Function]}
        onKeyDown={[Function]}
        type="text"
        value=""
      />
      <input
        className="square bottom-square right-square"
        data-testid="square"
        maxLength={1}
        onChange={[Function]}
        onClick={[Function]}
        onKeyDown={[Function]}
        type="text"
        value=""
      />
      <input
        className="square bottom-square"
        data-testid="square"
        maxLength={1}
        onChange={[Function]}
        onClick={[Function]}
        onKeyDown={[Function]}
        type="text"
        value=""
      />
      <input
        className="square bottom-square"
        data-testid="square"
        maxLength={1}
        onChange={[Function]}
        onClick={[Function]}
        onKeyDown={[Function]}
        type="text"
        value=""
      />
      <input
        className="square bottom-square right-square"
        data-testid="square"
        maxLength={1}
        onChange={[Function]}
        onClick={[Function]}
        onKeyDown={[Function]}
        type="text"
        value=""
      />
      <input
        className="square bottom-square"
        data-testid="square"
        maxLength={1}
        onChange={[Function]}
        onClick={[Function]}
        onKeyDown={[Function]}
        type="text"
        value=""
      />
      <input
        className="square bottom-square"
        data-testid="square"
        maxLength={1}
        onChange={[Function]}
        onClick={[Function]}
        onKeyDown={[Function]}
        type="text"
        value=""
      />
      <input
        className="square bottom-square right-square"
        data-testid="square"
        maxLength={1}
        onChange={[Function]}
        onClick={[Function]}
        onKeyDown={[Function]}
        type="text"
        value=""
      />
    </div>
    <div
      className="row"
    >
      <input
        className="square left-square"
        data-testid="square"
        maxLength={1}
        onChange={[Function]}
        onClick={[Function]}
        onKeyDown={[Function]}
        type="text"
        value=""
      />
      <input
        className="square"
        data-testid="square"
        maxLength={1}
        onChange={[Function]}
        onClick={[Function]}
        onKeyDown={[Function]}
        type="text"
        value=""
      />
      <input
        className="square right-square"
        data-testid="square"
        maxLength={1}
        onChange={[Function]}
        onClick={[Function]}
        onKeyDown={[Function]}
        type="text"
        value=""
      />
      <input
        className="square"
        data-testid="square"
        maxLength={1}
        onChange={[Function]}
        onClick={[Function]}
        onKeyDown={[Function]}
        type="text"
        value=""
      />
      <input
        className="square"
        data-testid="square"
        maxLength={1}
        onChange={[Function]}
        onClick={[Function]}
        onKeyDown={[Function]}
        type="text"
        value=""
      />
      <input
        className="square right-square"
        data-testid="square"
        maxLength={1}
        onChange={[Function]}
        onClick={[Function]}
        onKeyDown={[Function]}
        type="text"
        value=""
      />
      <input
        className="square"
        data-testid="square"
        maxLength={1}
        onChange={[Function]}
        onClick={[Function]}
        onKeyDown={[Function]}
        type="text"
        value=""
      />
      <input
        className="square"
        data-testid="square"
        maxLength={1}
        onChange={[Function]}
        onClick={[Function]}
        onKeyDown={[Function]}
        type="text"
        value=""
      />
      <input
        className="square right-square"
        data-testid="square"
        maxLength={1}
        onChange={[Function]}
        onClick={[Function]}
        onKeyDown={[Function]}
        type="text"
        value=""
      />
    </div>
    <div
      className="row"
    >
      <input
        className="square left-square"
        data-testid="square"
        maxLength={1}
        onChange={[Function]}
        onClick={[Function]}
        onKeyDown={[Function]}
        type="text"
        value=""
      />
      <input
        className="square"
        data-testid="square"
        maxLength={1}
        onChange={[Function]}
        onClick={[Function]}
        onKeyDown={[Function]}
        type="text"
        value=""
      />
      <input
        className="square right-square"
        data-testid="square"
        maxLength={1}
        onChange={[Function]}
        onClick={[Function]}
        onKeyDown={[Function]}
        type="text"
        value=""
      />
      <input
        className="square"
        data-testid="square"
        maxLength={1}
        onChange={[Function]}
        onClick={[Function]}
        onKeyDown={[Function]}
        type="text"
        value=""
      />
      <input
        className="square"
        data-testid="square"
        maxLength={1}
        onChange={[Function]}
        onClick={[Function]}
        onKeyDown={[Function]}
        type="text"
        value=""
      />
      <input
        className="square right-square"
        data-testid="square"
        maxLength={1}
        onChange={[Function]}
        onClick={[Function]}
        onKeyDown={[Function]}
        type="text"
        value=""
      />
      <input
        className="square"
        data-testid="square"
        maxLength={1}
        onChange={[Function]}
        onClick={[Function]}
        onKeyDown={[Function]}
        type="text"
        value=""
      />
      <input
        className="square"
        data-testid="square"
        maxLength={1}
        onChange={[Function]}
        onClick={[Function]}
        onKeyDown={[Function]}
        type="text"
        value=""
      />
      <input
        className="square right-square"
        data-testid="square"
        maxLength={1}
        onChange={[Function]}
        onClick={[Function]}
        onKeyDown={[Function]}
        type="text"
        value=""
      />
    </div>
    <div
      className="row"
    >
      <input
        className="square bottom-square left-square"
        data-testid="square"
        maxLength={1}
        onChange={[Function]}
        onClick={[Function]}
        onKeyDown={[Function]}
        type="text"
        value=""
      />
      <input
        className="square bottom-square"
        data-testid="square"
        maxLength={1}
        onChange={[Function]}
        onClick={[Function]}
        onKeyDown={[Function]}
        type="text"
        value=""
      />
      <input
        className="square bottom-square right-square"
        data-testid="square"
        maxLength={1}
        onChange={[Function]}
        onClick={[Function]}
        onKeyDown={[Function]}
        type="text"
        value=""
      />
      <input
        className="square bottom-square"
        data-testid="square"
        maxLength={1}
        onChange={[Function]}
        onClick={[Function]}
        onKeyDown={[Function]}
        type="text"
        value=""
      />
      <input
        className="square bottom-square"
        data-testid="square"
        maxLength={1}
        onChange={[Function]}
        onClick={[Function]}
        onKeyDown={[Function]}
        type="text"
        value=""
      />
      <input
        className="square bottom-square right-square"
        data-testid="square"
        maxLength={1}
        onChange={[Function]}
        onClick={[Function]}
        onKeyDown={[Function]}
        type="text"
        value=""
      />
      <input
        className="square bottom-square"
        data-testid="square"
        maxLength={1}
        onChange={[Function]}
        onClick={[Function]}
        onKeyDown={[Function]}
        type="text"
        value=""
      />
      <input
        className="square bottom-square"
        data-testid="square"
        maxLength={1}
        onChange={[Function]}
        onClick={[Function]}
        onKeyDown={[Function]}
        type="text"
        value=""
      />
      <input
        className="square bottom-square right-square"
        data-testid="square"
        maxLength={1}
        onChange={[Function]}
        onClick={[Function]}
        onKeyDown={[Function]}
        type="text"
        value=""
      />
    </div>
    <div
      className="row"
    >
      <input
        className="square left-square"
        data-testid="square"
        maxLength={1}
        onChange={[Function]}
        onClick={[Function]}
        onKeyDown={[Function]}
        type="text"
        value=""
      />
      <input
        className="square"
        data-testid="square"
        maxLength={1}
        onChange={[Function]}
        onClick={[Function]}
        onKeyDown={[Function]}
        type="text"
        value=""
      />
      <input
        className="square right-square"
        data-testid="square"
        maxLength={1}
        onChange={[Function]}
        onClick={[Function]}
        onKeyDown={[Function]}
        type="text"
        value=""
      />
      <input
        className="square"
        data-testid="square"
        maxLength={1}
        onChange={[Function]}
        onClick={[Function]}
        onKeyDown={[Function]}
        type="text"
        value=""
      />
      <input
        className="square"
        data-testid="square"
        maxLength={1}
        onChange={[Function]}
        onClick={[Function]}
        onKeyDown={[Function]}
        type="text"
        value=""
      />
      <input
        className="square right-square"
        data-testid="square"
        maxLength={1}
        onChange={[Function]}
        onClick={[Function]}
        onKeyDown={[Function]}
        type="text"
        value=""
      />
      <input
        className="square"
        data-testid="square"
        maxLength={1}
        onChange={[Function]}
        onClick={[Function]}
        onKeyDown={[Function]}
        type="text"
        value=""
      />
      <input
        className="square"
        data-testid="square"
        maxLength={1}
        onChange={[Function]}
        onClick={[Function]}
        onKeyDown={[Function]}
        type="text"
        value=""
      />
      <input
        className="square right-square"
        data-testid="square"
        maxLength={1}
        onChange={[Function]}
        onClick={[Function]}
        onKeyDown={[Function]}
        type="text"
        value=""
      />
    </div>
    <div
      className="row"
    >
      <input
        className="square left-square"
        data-testid="square"
        maxLength={1}
        onChange={[Function]}
        onClick={[Function]}
        onKeyDown={[Function]}
        type="text"
        value=""
      />
      <input
        className="square"
        data-testid="square"
        maxLength={1}
        onChange={[Function]}
        onClick={[Function]}
        onKeyDown={[Function]}
        type="text"
        value=""
      />
      <input
        className="square right-square"
        data-testid="square"
        maxLength={1}
        onChange={[Function]}
        onClick={[Function]}
        onKeyDown={[Function]}
        type="text"
        value=""
      />
      <input
        className="square"
        data-testid="square"
        maxLength={1}
        onChange={[Function]}
        onClick={[Function]}
        onKeyDown={[Function]}
        type="text"
        value=""
      />
      <input
        className="square"
        data-testid="square"
        maxLength={1}
        onChange={[Function]}
        onClick={[Function]}
        onKeyDown={[Function]}
        type="text"
        value=""
      />
      <input
        className="square right-square"
        data-testid="square"
        maxLength={1}
        onChange={[Function]}
        onClick={[Function]}
        onKeyDown={[Function]}
        type="text"
        value=""
      />
      <input
        className="square"
        data-testid="square"
        maxLength={1}
        onChange={[Function]}
        onClick={[Function]}
        onKeyDown={[Function]}
        type="text"
        value=""
      />
      <input
        className="square"
        data-testid="square"
        maxLength={1}
        onChange={[Function]}
        onClick={[Function]}
        onKeyDown={[Function]}
        type="text"
        value=""
      />
      <input
        className="square right-square"
        data-testid="square"
        maxLength={1}
        onChange={[Function]}
        onClick={[Function]}
        onKeyDown={[Function]}
        type="text"
        value=""
      />
    </div>
    <div
      className="row"
    >
      <input
        className="square bottom-square left-square"
        data-testid="square"
        maxLength={1}
        onChange={[Function]}
        onClick={[Function]}
        onKeyDown={[Function]}
        type="text"
        value=""
      />
      <input
        className="square bottom-square"
        data-testid="square"
        maxLength={1}
        onChange={[Function]}
        onClick={[Function]}
        onKeyDown={[Function]}
        type="text"
        value=""
      />
      <input
        className="square bottom-square right-square"
        data-testid="square"
        maxLength={1}
        onChange={[Function]}
        onClick={[Function]}
        onKeyDown={[Function]}
        type="text"
        value=""
      />
      <input
        className="square bottom-square"
        data-testid="square"
        maxLength={1}
        onChange={[Function]}
        onClick={[Function]}
        onKeyDown={[Function]}
        type="text"
        value=""
      />
      <input
        className="square bottom-square"
        data-testid="square"
        maxLength={1}
        onChange={[Function]}
        onClick={[Function]}
        onKeyDown={[Function]}
        type="text"
        value=""
      />
      <input
        className="square bottom-square right-square"
        data-testid="square"
        maxLength={1}
        onChange={[Function]}
        onClick={[Function]}
        onKeyDown={[Function]}
        type="text"
        value=""
      />
      <input
        className="square bottom-square"
        data-testid="square"
        maxLength={1}
        onChange={[Function]}
        onClick={[Function]}
        onKeyDown={[Function]}
        type="text"
        value=""
      />
      <input
        className="square bottom-square"
        data-testid="square"
        maxLength={1}
        onChange={[Function]}
        onClick={[Function]}
        onKeyDown={[Function]}
        type="text"
        value=""
      />
      <input
        className="square bottom-square right-square"
        data-testid="square"
        maxLength={1}
        onChange={[Function]}
        onClick={[Function]}
        onKeyDown={[Function]}
        type="text"
        value=""
      />
    </div>
  </div>
  <div
    id="sudoku-buttons"
  >
    <button
      className="MuiButtonBase-root MuiButton-root MuiButton-contained MuiButton-containedPrimary MuiButton-sizeMedium MuiButton-containedSizeMedium styled-button css-sghohy-MuiButtonBase-root-MuiButton-root"
      disabled={false}
      onBlur={[Function]}
      onClick={[Function]}
      onContextMenu={[Function]}
      onDragLeave={[Function]}
      onFocus={[Function]}
      onKeyDown={[Function]}
      onKeyUp={[Function]}
      onMouseDown={[Function]}
      onMouseLeave={[Function]}
      onMouseUp={[Function]}
      onTouchEnd={[Function]}
      onTouchMove={[Function]}
      onTouchStart={[Function]}
      tabIndex={0}
      type="button"
    >
      Solve
    </button>
    <button
      className="MuiButtonBase-root MuiButton-root MuiButton-contained MuiButton-containedPrimary MuiButton-sizeMedium MuiButton-containedSizeMedium styled-button css-sghohy-MuiButtonBase-root-MuiButton-root"
      disabled={false}
      id="clear-button"
      onBlur={[Function]}
      onClick={[Function]}
      onContextMenu={[Function]}
      onDragLeave={[Function]}
      onFocus={[Function]}
      onKeyDown={[Function]}
      onKeyUp={[Function]}
      onMouseDown={[Function]}
      onMouseLeave={[Function]}
      onMouseUp={[Function]}
      onTouchEnd={[Function]}
      onTouchMove={[Function]}
      onTouchStart={[Function]}
      tabIndex={0}
      type="button"
    >
      Clear
    </button>
    <button
      className="MuiButtonBase-root Mui-disabled MuiButton-root MuiButton-contained MuiButton-containedPrimary MuiButton-sizeMedium MuiButton-containedSizeMedium styled-button css-sghohy-MuiButtonBase-root-MuiButton-root"
      disabled={true}
      onBlur={[Function]}
      onClick={[Function]}
      onContextMenu={[Function]}
      onDragLeave={[Function]}
      onFocus={[Function]}
      onKeyDown={[Function]}
      onKeyUp={[Function]}
      onMouseDown={[Function]}
      onMouseLeave={[Function]}
      onMouseUp={[Function]}
      onTouchEnd={[Function]}
      onTouchMove={[Function]}
      onTouchStart={[Function]}
      tabIndex={-1}
      type="button"
    >
      Show Steps
    </button>
  </div>
</div>
`;
